// Jest Snapshot v1, https://goo.gl/fbAQLP

exports[`it works 1`] = `
<StyledComponent
  forwardedComponent={
    Object {
      "$$typeof": Symbol(react.forward_ref),
      "attrs": Array [],
      "componentStyle": ComponentStyle {
        "componentId": "sc-bdVaJa",
        "isStatic": true,
        "rules": Array [
          "
    margin: 1em 0;

    summary {
      cursor: pointer;
  }
    summary::-webkit-details-marker {
      font-size: 0.8em;
      margin-right: 0.8em
  }
",
        ],
      },
      "displayName": "styled.details",
      "foldedComponentIds": Array [],
      "render": [Function],
      "styledComponentId": "sc-bdVaJa",
      "target": "details",
      "toString": [Function],
      "warnTooManyClasses": [Function],
      "withComponent": [Function],
    }
  }
  forwardedRef={null}
/>
`;
